Row 0:
  Column timeslice(1616300753.333, '100ms'): 2021-03-21 04:25:53.300000
