[1m[4mthread_id[0m[1m[4m [0m[1m[4m         earliest         [0m[1m[4m [0m[1m[4m          latest          [0m[1m[4m [0m[1m[4m[7m  errors  [0m[1m[4m [0m[1m[4m[7m warnings [0m[1m[4m [0m[1m[4m[7m  total   [0m[1m[4m [0m
          2012-07-02 10:22:40.672000 2014-10-08 16:56:38.344000 [1m         0[0m [1m[7m         1[0m [7m         3[0m 
