0|2007-11-03 09:23:38.000000|error|veridian||7998||automount||automount[7998]|||0|0||||
1|2007-11-03 09:23:38.000000|info|veridian||16442||automount||automount[16442]|||0|0||||
2|2007-11-03 09:23:38.000000|error|veridian||7999||automount||automount[7999]|||0|0||||
3|2007-11-03 09:47:02.000000|info|veridian||||sudo||sudo|||1404000|0||||
