[
    {
        "name": "text",
        "top": 0,
        "left": 0,
        "height": 73,
        "inner_height": 73,
        "top_time": null,
        "top_file": "{test_dir}/textfile_patch.0",
        "paused": 0,
        "search": "",
        "filtering": 1,
        "movement": "top",
        "top_meta": {
            "file": "{test_dir}/textfile_patch.0",
            "breadcrumbs": [
                {
                    "display_value": "textfile_patch.0",
                    "search_placeholder": "",
                    "possibilities": [
                        {
                            "display_value": "textfile_patch.0"
                        }
                    ]
                },
                {
                    "display_value": "â‹¯",
                    "search_placeholder": "",
                    "possibilities": [
                        {
                            "display_value": "src/config/settings.json"
                        },
                        {
                            "display_value": "src/helpers.py"
                        },
                        {
                            "display_value": "src/main.py"
                        },
                        {
                            "display_value": "src/new_module.py"
                        },
                        {
                            "display_value": "src/old_module.py"
                        },
                        {
                            "display_value": "tests/test_old_module.py"
                        }
                    ]
                }
            ]
        },
        "selection": 0,
        "options": {
            "row-details": "hide",
            "row-time-offset": "hide",
            "hidden-fields": "hide",
            "word-wrap": "none"
        },
        "selected_text": null,
        "row_details": null
    }
]
