[1m[4m         log_time         [0m[1m[4m [0m
2012-01-25 10:22:40.672000 
2014-11-29 16:56:38.344000 
