Row 0:
  Column timeslice('2015-08-07 11:59:00', 'fri'): 2015-08-07 00:00:00.000000
