192.168.202.254 - - [20/Jul/2009:22:59:26 +0000] "GET /vmw/cgi/tramp HTTP/1.0" 200 134 "-" "gPXE/0.9.7"
 Received Time: [1m2009-07-20T22:59:26.000+0000[0m â€” [1mover 3 years ago[0m  Format: [1m%d/%b/%Y:%H:%M:%S %z[0m  Default Zone: [32mnone[0m
 Permalink: #msg00046f2b16f0cf80-v1:3f7e0f10f2473f83b2b4eacccfc9b4e2
 Operation ID: 87ecc75c2bfe711642086a9b8546ab05[32m (extracted from log message)[0m
 Pattern: /access_log/regex/std = [1m[36m^[0m[1m[32m([0m[1m[32m?[0m[1m[36m<[0mc_ip[1m[36m>[0m[1m[32m[[0m[1m\w[0m\.:\-[1m[32m][0m[1m[36m+[0m[1m[32m)[0m[1m\s[0m[1m[36m+[0m[1m[32m[[0m[1m\w[0m\.\-[1m[32m][0m[1m[36m+[0m[1m\s[0m[1m[36m+[0m[1m[32m([0m[1m[32m?:[0m-[1m[36m|[0m[1m[32m([0m[1m[32m?[0m[1m[36m<[0mcs_username[1m[36m>[0m[1m\S[0m[1m[36m+[0m[1m[32m)[0m[1m[32m)[0m[1m\s[0m[1m[36m+[0m\[[1m[32m([0m[1m[32m?[0m[1m[36m<[0mtimestamp[1m[36m>[0m[1m[32m[[0m[1m[36m^[0m\][1m[32m][0m[1m[36m+[0m[1m[32m)[0m\] "[1m[32m([0m[1m[32m?:[0m\-[1m[36m|[0m[1m[32m([0m[1m[32m?[0m[1m[36m<[0mcs_method[1m[36m>[0m[1m\w[0m[1m[36m+[0m[1m[32m)[0m [1m[32m([0m[1m[32m?[0m[1m[36m<[0mcs_uri_stem[1m[36m>[0m[1m[32m[[0m[1m[36m^[0m \?"[1m[32m][0m[1m[36m+[0m[1m[32m)[0m[1m[32m([0m[1m[32m?:[0m\?[1m[32m([0m[1m[32m?[0m[1m[36m<[0mcs_uri_query[1m[36m>[0m[1m[32m[[0m[1m[36m^[0m [1m[32m][0m[1m[36m*[0m[1m[32m)[0m[1m[32m)[0m[1m[36m?[0m[1m[32m([0m[1m[32m?:[0m [1m[32m([0m[1m[32m?[0m[1m[36m<[0mcs_version[1m[36m>[0m[1m[32m[[0m[1m\w[0m/\.[1m[32m][0m[1m[36m+[0m[1m[32m)[0m[1m[32m)[0m[1m[36m?[0m[1m[32m)[0m" [1m[32m([0m[1m[32m?[0m[1m[36m<[0msc_status[1m[36m>[0m[1m\d[0m[1m[36m+[0m[1m[32m)[0m [1m[32m([0m[1m[32m?[0m[1m[36m<[0msc_bytes[1m[36m>[0m[1m\d[0m[1m[36m+[0m[1m[36m|[0m-[1m[32m)[0m[1m[32m([0m[1m[32m?:[0m "[1m[32m([0m[1m[32m?:[0m-[1m[36m|[0m[1m[32m([0m[1m[32m?[0m[1m[36m<[0mcs_referer[1m[36m>[0m[1m[32m[[0m[1m[36m^[0m"[1m[32m][0m[1m[36m*[0m[1m[32m)[0m[1m[32m)[0m" "[1m[32m([0m[1m[32m?:[0m-[1m[36m|[0m[1m[32m([0m[1m[32m?[0m[1m[36m<[0mcs_user_agent[1m[36m>[0m[1m[32m[[0m[1m[36m^[0m"[1m[32m][0m[1m[36m+[0m[1m[32m)[0m[1m[32m)[0m"[1m[32m)[0m[1m[36m?[0m[1m\s[0m[1m[36m*[0m[1m[32m([0m[1m[32m?[0m[1m[36m<[0mbody[1m[36m>[0m[1m[36m.[0m[1m[36m*[0m[1m[32m)[0m
 Known message fields for table [1maccess_log[0m:
 | [1m[32mâ—†[0m ðŸ“Š c_ip          = 192.168.202.254
 | [1m[32mâ—†[0m    cs_username   = null
 | [1m[32mâ—†[0m ðŸ“Š cs_method     = GET
 | [1m[32mâ—†[0m ðŸ“Š cs_uri_stem   = /vmw/cgi/tramp
 | [1m[32mâ—†[0m    cs_uri_query  = null
 | [1m[32mâ—†[0m ðŸ“Š cs_version    = HTTP/1.0
 | [1m[32mâ—†[0m ðŸ“Š sc_status     = 200
 | [1m[32mâ—†[0m ðŸ“Š sc_bytes      = 134
 | [1m[32mâ—†[0m    cs_referer    = null
 | [1m[32mâ—†[0m ðŸ“Š cs_user_agent = gPXE/0.9.7
 No discovered message fields
[31m192.168.202.254[0m[31m - - [[0m[31m20/Jul/2009[0m[31m:22:59:29 +0000[0m[31m] "[0m[31mGET[0m[31m [0m[31m/vmw/vSphere/default/vmkboot.gz[0m[31m [0m[31mHTTP/1.0[0m[31m" [0m[31m404[0m[31m 46210 "-" "[0m[31mgPXE/0.9.7[0m[31m"[0m
192.168.202.254 - - [20/Jul/2009:22:59:29 +0000] "GET /vmw/vSphere/default/vmkernel.gz HTTP/1.0" 200 78929 "-" "gPXE/0.9.7"
