[1m[4m[35m   Duration   [0m[4m|[0m[4m [0m[1m[4m[31mâœ˜[0m[4m[33mâ–²[0m[4m [0m[4m|[0m[1m[4m[35m Operation[0m[4m  [0m[4m|[0m[4m 20us [0m[4m [0m[4m  [0m[4m|[0m[4m 40us    [0m[4m|[0m[4m 60us    [0m[4m|[0m[4m 80us    [0m[4m|[0m[4m100us    [0m[4m|[0m[4m120us    [0m[4m|[0m[4m140us    [0m[4m|[0m[4m160us    [0m[4m|[0m[4m180us[0m
[32m              [0m[32m  [0m[1m[31m [0m[33m [0m[32m  [0m[32m6008c63da616f3b03d756a1[0m[7m[32mc[0m[32m3f793e49[0m[32m [{"yaks":3,"name":"shaving_yaks"}][0m
[32m         228us[0m[32m  [0m[1m[31mâ–ƒ[0m[33mâ–ƒ[0m[32m  [0m[32m83c05ac3826f1ede925cac5584a78d39[0m[32m [{"yaks":3,"name":"sha[0m[7m[32mving_yaks"},{"yak":1,"name":"shave"}][0m
