[1m[4mlog_line[0m[1m[4m [0m[1m[4m         log_time         [0m[1m[4m [0m[1m[4mlog_level[0m[1m[4m [0m[1m[4mmatch_rowid[0m[1m[4m [0m[1m[4mmatch_index[0m[1m[4m [0m[1m[4m        name         [0m[1m[4m [0m[1m[4mlog_part[0m[1m[4m [0m[1m[4m[7mlog_idle_msecs[0m[1m[4m [0m[1m[4mlog_mark[0m[1m[4m [0m[1m[4mlog_comment[0m[1m[4m [0m[1m[4mlog_tags[0m[1m[4m [0m[1m[4mlog_annotations[0m[1m[4m [0m[1m[4mlog_filters[0m[1m[4m [0m
       2 2022-08-16 00:32:15.000000 info                0           0 com.apple.cdscheduler <NULL>   [1m[7m        199000[0m        0 <NULL>      <NULL>   <NULL>          <NULL>      
       5 2022-08-16 00:32:15.000000 info                1           0 com.apple.install     <NULL>   [1m             0[0m        0 <NULL>      <NULL>   <NULL>          <NULL>      
[1m       8[0m[1m [0m[1m2022-08-16 00:32:15.000000[0m[1m [0m[1minfo     [0m[1m [0m[1m          2[0m[1m [0m[1m          0[0m[1m [0m[1mcom.apple.authd      [0m[1m [0m[1m<NULL>  [0m[1m [0m[1m             0[0m[1m [0m[1m       0[0m[1m [0m[1m<NULL>     [0m[1m [0m[1m<NULL>  [0m[1m [0m[1m<NULL>         [0m[1m [0m[1m<NULL>     [0m[1m [0m
[1m       8[0m[1m [0m[1m2022-08-16 00:32:15.000000[0m[1m [0m[1minfo     [0m[1m [0m[1m          2[0m[1m [0m[1m          1[0m[1m [0m[1mcom.apple.asl        [0m[1m [0m[1m<NULL>  [0m[1m [0m[1m             0[0m[1m [0m[1m       0[0m[1m [0m[1m<NULL>     [0m[1m [0m[1m<NULL>  [0m[1m [0m[1m<NULL>         [0m[1m [0m[1m<NULL>     [0m[1m [0m
       8 2022-08-16 00:32:15.000000 info                2           2 com.apple.asl         <NULL>   [1m             0[0m        0 <NULL>      <NULL>   <NULL>          <NULL>      
       8 2022-08-16 00:32:15.000000 info                2           3 com.apple.authd       <NULL>   [1m             0[0m        0 <NULL>      <NULL>   <NULL>          <NULL>      
[1m      11[0m[1m [0m[1m2022-08-16 00:32:15.000000[0m[1m [0m[1minfo     [0m[1m [0m[1m          3[0m[1m [0m[1m          0[0m[1m [0m[1mcom.apple.authd      [0m[1m [0m[1m<NULL>  [0m[1m [0m[1m             0[0m[1m [0m[1m       0[0m[1m [0m[1m<NULL>     [0m[1m [0m[1m<NULL>  [0m[1m [0m[1m<NULL>         [0m[1m [0m[1m<NULL>     [0m[1m [0m
[1m      11[0m[1m [0m[1m2022-08-16 00:32:15.000000[0m[1m [0m[1minfo     [0m[1m [0m[1m          3[0m[1m [0m[1m          1[0m[1m [0m[1mcom.apple.asl        [0m[1m [0m[1m<NULL>  [0m[1m [0m[1m             0[0m[1m [0m[1m       0[0m[1m [0m[1m<NULL>     [0m[1m [0m[1m<NULL>  [0m[1m [0m[1m<NULL>         [0m[1m [0m[1m<NULL>     [0m[1m [0m
      11 2022-08-16 00:32:15.000000 info                3           2 com.apple.asl         <NULL>   [1m             0[0m        0 <NULL>      <NULL>   <NULL>          <NULL>      
      11 2022-08-16 00:32:15.000000 info                3           3 com.apple.authd       <NULL>   [1m             0[0m        0 <NULL>      <NULL>   <NULL>          <NULL>      
[1m      14[0m[1m [0m[1m2022-08-16 00:32:15.000000[0m[1m [0m[1minfo     [0m[1m [0m[1m          4[0m[1m [0m[1m          0[0m[1m [0m[1mcom.apple.authd      [0m[1m [0m[1m<NULL>  [0m[1m [0m[1m             0[0m[1m [0m[1m       0[0m[1m [0m[1m<NULL>     [0m[1m [0m[1m<NULL>  [0m[1m [0m[1m<NULL>         [0m[1m [0m[1m<NULL>     [0m[1m [0m
