[1m[4mlog_line[0m[1m[4m [0m[1m[4m         log_time         [0m[1m[4m [0m[1m[4mlog_level[0m[1m[4m [0m[1m[4m     c_ip      [0m[1m[4m [0m[1m[4mcs_method[0m[1m[4m [0m[1m[4mcs_referer[0m[1m[4m [0m[1m[4mcs_uri_query[0m[1m[4m [0m[1m[4m          cs_uri_stem           [0m[1m[4m [0m[1m[4mcs_user_agent[0m[1m[4m [0m[1m[4mcs_username[0m[1m[4m [0m[1m[4mcs_version[0m[1m[4m [0m[1m[4m[7m sc_bytes [0m[1m[4m [0m[1m[4msc_status[0m[1m[4m [0m[1m[4mcs_host[0m[1m[4m [0m[1m[4mlog_part[0m[1m[4m [0m[1m[4m[7mlog_idle_msecs[0m[1m[4m [0m[1m[4mlog_mark[0m[1m[4m [0m[1m[4mlog_comment[0m[1m[4m [0m[1m[4mlog_tags[0m[1m[4m [0m[1m[4mlog_annotations[0m[1m[4m [0m[1m[4mlog_filters[0m[1m[4m [0m[1m[4m  log_unique_path   [0m[1m[4m [0m
       0 2009-07-20 22:59:26.000000 info      192.168.202.254 GET       <NULL>     <NULL>       /vmw/cgi/tramp                   gPXE/0.9.7    <NULL>      HTTP/1.0   [1m[7m [0m[1m      134[0m       200 <NULL>  <NULL>   [1m             0[0m        0 <NULL>      <NULL>   <NULL>          <NULL>      logfile_access_log.0 
[31m       1[0m[31m [0m[31m2009-07-20 22:59:29.000000[0m[31m [0m[31merror    [0m[31m [0m[31m192.168.202.254[0m[31m [0m[31mGET      [0m[31m [0m[31m<NULL>    [0m[31m [0m[31m<NULL>      [0m[31m [0m[31m/vmw/vSphere/default/vmkboot.gz [0m[31m [0m[31mgPXE/0.9.7   [0m[31m [0m[31m<NULL>     [0m[31m [0m[31mHTTP/1.0  [0m[31m [0m[1m[7m[31m     4[0m[1m[31m6210[0m[31m [0m[31m      404[0m[31m [0m[31m<NULL> [0m[31m [0m[31m<NULL>  [0m[31m [0m[1m[7m[31m [0m[1m[31m         3000[0m[31m [0m[31m       0[0m[31m [0m[31m<NULL>     [0m[31m [0m[31m<NULL>  [0m[31m [0m[31m<NULL>         [0m[31m [0m[31m<NULL>     [0m[31m [0m[31mlogfile_access_log.0 [0m
[1m       2[0m[1m [0m[1m2009-07-20 22:59:29.000000[0m[1m [0m[1minfo     [0m[1m [0m[1m192.168.202.254[0m[1m [0m[1mGET      [0m[1m [0m[1m<NULL>    [0m[1m [0m[1m<NULL>      [0m[1m [0m[1m/vmw/vSphere/default/vmkernel.gz[0m[1m [0m[1mgPXE/0.9.7   [0m[1m [0m[1m<NULL>     [0m[1m [0m[1mHTTP/1.0  [0m[1m [0m[1m[7m     78929[0m[1m [0m[1m      200[0m[1m [0m[1m<NULL> [0m[1m [0m[1m<NULL>  [0m[1m [0m[1m             0[0m[1m [0m[1m       0[0m[1m [0m[1m<NULL>     [0m[1m [0m[1m<NULL>  [0m[1m [0m[1m<NULL>         [0m[1m [0m[1m<NULL>     [0m[1m [0m[1mlogfile_access_log.0 [0m
[1m[31m       3[0m[1m[31m [0m[1m[31m2013-02-15 06:00:31.000000[0m[1m[31m [0m[1m[31merror    [0m[1m[31m [0m[1m[31m   10.112.81.15[0m[1m[31m [0m[1m[31m<NULL>   [0m[1m[31m [0m[1m[31m<NULL>    [0m[1m[31m [0m[1m[31m<NULL>      [0m[1m[31m [0m[1m[31m<NULL>                          [0m[1m[31m [0m[1m[31m<NULL>       [0m[1m[31m [0m[1m[31m<NULL>     [0m[1m[31m [0m[1m[31m<NULL>    [0m[1m[31m [0m[1m[31m         0[0m[1m[31m [0m[1m[31m      400[0m[1m[31m [0m[1m[31m<NULL> [0m[1m[31m [0m[1m[31m<NULL>  [0m[1m[31m [0m[1m[7m[31m  112777262000[0m[1m[31m [0m[1m[31m       0[0m[1m[31m [0m[1m[31m<NULL>     [0m[1m[31m [0m[1m[31m<NULL>  [0m[1m[31m [0m[1m[31m<NULL>         [0m[1m[31m [0m[1m[31m<NULL>     [0m[1m[31m [0m[1m[31mlogfile_access_log.1 [0m
