[1m[4mlog_line[0m[1m[4m [0m[1m[4m            log_opid            [0m[1m[4m [0m
       0 75866859226275b04b5ac03d429cf9e1 
       4 d584464393debb0e8944f914f6e530a0 
[1m       8[0m[1m [0m[1mcd4b289c5e6ef7126ef36a1fa5c6c6d5 [0m
[1m      12[0m[1m [0m[1mbbf34c1c4279d18fe4da4f5648f05397 [0m
