192.168.202.254 - - [20/Jul/2009:23:00:26 +0000] "GET /vmw/cgi/tramp HTTP/1.0" 200 134 "-" "gPXE/0.9.7"
[31m192.168.202.254[0m[31m - - [[0m[31m20/Jul/2009[0m[31m:23:00:29 +0000[0m[31m] "[0m[31mGET[0m[31m [0m[31m/vmw/vSphere/default/vmkboot.gz[0m[31m [0m[31mHTTP/1.0[0m[31m" [0m[31m404[0m[31m 46210 "-" "[0m[31mgPXE/0.9.7[0m[31m"[0m
[4m192.168.202.254[0m[4m - - [[0m[4m20/Jul/2009[0m[4m:23:00:29 +0000[0m[4m] "[0m[4mGET[0m[4m [0m[4m/vmw/vSphere/default/vmkernel.gz[0m[4m [0m[4mHTTP/1.0[0m[4m" [0m[4m200[0m[4m 78929 "-" "[0m[4mgPXE/0.9.7[0m[4m"[0m
[31m10.112.81.15[0m[31m - - [[0m[31m15/Feb/2013:06[0m[31m:01:31 +0000[0m[31m] "-" [0m[31m400[0m[31m 0 "-" "-"[0m
