[1m[4mopid[0m[1m[4m [0m[1m[4m         earliest         [0m[1m[4m [0m[1m[4m          latest          [0m[1m[4m [0m[1m[4m[7m  errors  [0m[1m[4m [0m[1m[4m[7m warnings [0m[1m[4m [0m[1m[4m[7m  total   [0m[1m[4m [0m[1m[4mdescription[0m[1m[4m [0m
1234 2007-05-17 15:04:22.619642 2007-05-17 15:04:22.619776 [1m[7m         1[0m [1m[7m         1[0m [1m[7m         3[0m test-1      
5678 2007-05-17 15:04:22.619740 2007-05-17 15:04:22.619740 [1m         0[0m [1m         0[0m [1m[7m [0m[1m        1[0m test-2      
