info: hiding lines after 2009-07-20 22:59:29.000000
info: hiding lines after 2009-07-20 22:59:29.000000
