''
{
    "foo bar" : null,
    "array" : [
        1,
        2,
      [35m  3[0m
[35m    ][0m,
    "ob[35mj" : {[0m
        "one" [35m: 1,[0m
     [35m   "t[0mwo" : [35mtrue [0m
    } 
}
''
