Row 0:
  Column timeslice('2015-08-07 12:01:00', 'after 12pm'): 2015-08-07 12:00:00.000000
