[1m[4mlog_line[0m[1m[4m [0m[1m[4m         log_time         [0m[1m[4m [0m[1m[4mlog_level[0m[1m[4m [0m[1m[4mlog_hostname[0m[1m[4m [0m[1m[4mlog_msgid[0m[1m[4m [0m[1m[4mlog_pid[0m[1m[4m [0m[1m[4mlog_pri[0m[1m[4m [0m[1m[4mlog_procname[0m[1m[4m [0m[1m[4mlog_struct[0m[1m[4m [0m[1m[4m log_syslog_tag [0m[1m[4m [0m[1m[4msyslog_version[0m[1m[4m [0m[1m[4mlog_part[0m[1m[4m [0m[1m[4m[7mlog_idle_msecs[0m[1m[4m [0m[1m[4mlog_mark[0m[1m[4m [0m[1m[4mlog_comment[0m[1m[4m [0m[1m[4mlog_tags[0m[1m[4m [0m[1m[4mlog_annotations[0m[1m[4m [0m[1m[4mlog_filters[0m[1m[4m [0m
[31m       0[0m[31m [0m[31m2007-11-03 09:23:38.000000[0m[31m [0m[31merror    [0m[31m [0m[31mveridian    [0m[31m [0m[31m<NULL>   [0m[31m [0m[31m   7998[0m[31m [0m[31m<NULL> [0m[31m [0m[31mautomount   [0m[31m [0m[31m<NULL>    [0m[31m [0m[31mautomount[7998] [0m[31m [0m[31m<NULL>        [0m[31m [0m[31m<NULL>  [0m[31m [0m[1m[31m             0[0m[31m [0m[31m       0[0m[31m [0m[31m<NULL>     [0m[31m [0m[31m<NULL>  [0m[31m [0m[31m<NULL>         [0m[31m [0m[31m<NULL>     [0m[31m [0m
       1 2007-11-03 09:23:38.000000 info      veridian     <NULL>      16442 <NULL>  automount    <NULL>     automount[16442] <NULL>         <NULL>   [1m             0[0m        0 <NULL>      <NULL>   <NULL>          <NULL>      
[1m[31m       2[0m[1m[31m [0m[1m[31m2007-11-03 09:23:38.000000[0m[1m[31m [0m[1m[31merror    [0m[1m[31m [0m[1m[31mveridian    [0m[1m[31m [0m[1m[31m<NULL>   [0m[1m[31m [0m[1m[31m   7999[0m[1m[31m [0m[1m[31m<NULL> [0m[1m[31m [0m[1m[31mautomount   [0m[1m[31m [0m[1m[31m<NULL>    [0m[1m[31m [0m[1m[31mautomount[7999] [0m[1m[31m [0m[1m[31m<NULL>        [0m[1m[31m [0m[1m[31m<NULL>  [0m[1m[31m [0m[1m[31m             0[0m[1m[31m [0m[1m[31m       0[0m[1m[31m [0m[1m[31m<NULL>     [0m[1m[31m [0m[1m[31m<NULL>  [0m[1m[31m [0m[1m[31m<NULL>         [0m[1m[31m [0m[1m[31m<NULL>     [0m[1m[31m [0m
[1m       3[0m[1m [0m[1m2007-11-03 09:47:02.000000[0m[1m [0m[1minfo     [0m[1m [0m[1mveridian    [0m[1m [0m[1m<NULL>   [0m[1m [0m[1m <NULL>[0m[1m [0m[1m<NULL> [0m[1m [0m[1msudo        [0m[1m [0m[1m<NULL>    [0m[1m [0m[1msudo            [0m[1m [0m[1m<NULL>        [0m[1m [0m[1m<NULL>  [0m[1m [0m[1m[7m [0m[1m      1404000[0m[1m [0m[1m       0[0m[1m [0m[1m<NULL>     [0m[1m [0m[1m<NULL>  [0m[1m [0m[1m<NULL>         [0m[1m [0m[1m<NULL>     [0m[1m [0m
       4 2022-08-16 00:10:45.000000 info      Tims-Air     <NULL>        314 <NULL>  syslogd      <NULL>     syslogd[314]     <NULL>         <NULL>   [1m[7m  466525423000[0m        0 <NULL>      <NULL>   <NULL>          <NULL>      
       5 2022-08-16 00:28:56.000000 info      Tims-Air     <NULL>        314 <NULL>  syslogd      <NULL>     syslogd[314]     <NULL>         <NULL>   [1m[7m [0m[1m      1091000[0m        0 <NULL>      <NULL>   <NULL>          <NULL>      
[1m       6[0m[1m [0m[1m2022-08-16 00:32:15.000000[0m[1m [0m[1minfo     [0m[1m [0m[1mTims-Air    [0m[1m [0m[1m<NULL>   [0m[1m [0m[1m    314[0m[1m [0m[1m<NULL> [0m[1m [0m[1msyslogd     [0m[1m [0m[1m<NULL>    [0m[1m [0m[1msyslogd[314]    [0m[1m [0m[1m<NULL>        [0m[1m [0m[1m<NULL>  [0m[1m [0m[1m[7m [0m[1m       199000[0m[1m [0m[1m       0[0m[1m [0m[1m<NULL>     [0m[1m [0m[1m<NULL>  [0m[1m [0m[1m<NULL>         [0m[1m [0m[1m<NULL>     [0m[1m [0m
[1m       9[0m[1m [0m[1m2022-08-16 00:32:15.000000[0m[1m [0m[1minfo     [0m[1m [0m[1mTims-Air    [0m[1m [0m[1m<NULL>   [0m[1m [0m[1m    314[0m[1m [0m[1m<NULL> [0m[1m [0m[1msyslogd     [0m[1m [0m[1m<NULL>    [0m[1m [0m[1msyslogd[314]    [0m[1m [0m[1m<NULL>        [0m[1m [0m[1m<NULL>  [0m[1m [0m[1m             0[0m[1m [0m[1m       0[0m[1m [0m[1m<NULL>     [0m[1m [0m[1m<NULL>  [0m[1m [0m[1m<NULL>         [0m[1m [0m[1m<NULL>     [0m[1m [0m
      12 2022-08-16 00:32:15.000000 info      Tims-Air     <NULL>        314 <NULL>  syslogd      <NULL>     syslogd[314]     <NULL>         <NULL>   [1m             0[0m        0 <NULL>      <NULL>   <NULL>          <NULL>      
      15 2022-08-16 00:32:15.000000 info      Tims-Air     <NULL>        314 <NULL>  syslogd      <NULL>     syslogd[314]     <NULL>         <NULL>   [1m             0[0m        0 <NULL>      <NULL>   <NULL>          <NULL>      
[1m      18[0m[1m [0m[1m2022-08-16 00:32:15.000000[0m[1m [0m[1minfo     [0m[1m [0m[1mTims-Air    [0m[1m [0m[1m<NULL>   [0m[1m [0m[1m    314[0m[1m [0m[1m<NULL> [0m[1m [0m[1msyslogd     [0m[1m [0m[1m<NULL>    [0m[1m [0m[1msyslogd[314]    [0m[1m [0m[1m<NULL>        [0m[1m [0m[1m<NULL>  [0m[1m [0m[1m             0[0m[1m [0m[1m       0[0m[1m [0m[1m<NULL>     [0m[1m [0m[1m<NULL>  [0m[1m [0m[1m<NULL>         [0m[1m [0m[1m<NULL>     [0m[1m [0m
[1m      21[0m[1m [0m[1m2022-11-03 09:23:38.000000[0m[1m [0m[1minfo     [0m[1m [0m[1mveridian    [0m[1m [0m[1m<NULL>   [0m[1m [0m[1m   7998[0m[1m [0m[1m<NULL> [0m[1m [0m[1mfoo         [0m[1m [0m[1m<NULL>    [0m[1m [0m[1mfoo[7998]       [0m[1m [0m[1m<NULL>        [0m[1m [0m[1m<NULL>  [0m[1m [0m[1m[7m [0m[1m   6857483000[0m[1m [0m[1m       0[0m[1m [0m[1m<NULL>     [0m[1m [0m[1m<NULL>  [0m[1m [0m[1m<NULL>         [0m[1m [0m[1m<NULL>     [0m[1m [0m
      22 2022-11-03 09:23:38.000000 info      veridian     <NULL>      16442 <NULL>  foo          <NULL>     foo[16442]       <NULL>         <NULL>   [1m             0[0m        0 <NULL>      <NULL>   <NULL>          <NULL>      
      23 2022-11-03 09:23:38.000000 info      veridian     <NULL>       7999 <NULL>  foo          <NULL>     foo[7999]        <NULL>         <NULL>   [1m             0[0m        0 <NULL>      <NULL>   <NULL>          <NULL>      
