[1m[4m         log_time         [0m[1m[4m [0m
2009-07-20 22:59:26.000000 
2009-07-20 22:59:29.000000 
[1m2009-07-20 22:59:29.000000 [0m
