[
    {
        "row_details": {
            "value": {
                "log_line": 0,
                "log_time": "2009-07-20 22:59:26.000000",
                "log_level": "info",
                "c_ip": "192.168.202.254",
                "cs_method": "GET",
                "cs_referer": null,
                "cs_uri_query": null,
                "cs_uri_stem": "/vmw/cgi/tramp",
                "cs_user_agent": "gPXE/0.9.7",
                "cs_username": null,
                "cs_version": "HTTP/1.0",
                "sc_bytes": 134,
                "sc_status": 200,
                "cs_host": null,
                "log_part": null,
                "log_idle_msecs": 0,
                "log_mark": 0,
                "log_comment": null,
                "log_tags": null,
                "log_annotations": null,
                "log_filters": null
            }
        }
    }
]
