[1m[4m[35m   Duration   [0m[4m|[0m[4m [0m[1m[4m[31mâœ˜[0m[4m[33mâ–²[0m[4m [0m[4m|[0m[1m[4m[35m Operation[0m[4m [0m[4m [0m[4m|[0m[4m  10m    [0m[4m|[0m[4m  19m    [0m[4m|[0m[4m  29m    [0m[4m|[0m[4m  38m    [0m[4m|[0m[4m  48m    [0m[4m|[0m[4m  57m    [0m[4m|[0m[4m1h07m    [0m[4m|[0m[4m1h16m    [0m[4m|[0m[4m1h26m    [0m[4m|[0m[4m1h35m    [0m[4m|[0m[4m1h45m    [0m[4m|[0m[4m1h54m    [0m[4m|[0m[4m2h04m    [0m[4m|[0m[4m2h13m    [0m[4m|[0m[4m2h23m    [0m[4m|[0m[4m2h32m    [0m[4m|[0m[4m2h42m    [0m[4m|[0m[4m2h51m[0m
[32m           017[0m[32m  [0m[1m[31m [0m[33m [0m[32m  [0m[32m75866859226275b[0m[7m[32m0[0m[32m4b5ac03d429cf9e1[0m[32m [0m[32m10.10.10.117[0m[32m facebookexternalhit/1.1 (+http://www.facebook.com/externalhit_uatext.php)[0m
[32m         724us[0m[32m  [0m[1m[31m [0m[33m [0m[32m  [0m[32md584464393debb0e[0m[7m[32m8[0m[32m944f914f6e530a0[0m[32m [0m[32m10.10.10.134[0m[32m Mozilla/5.0 (compatible; AhrefsBot/7.0; +http://ahrefs.com/robot/)[0m
[1m[32m           024[0m[1m[32m  [0m[1m[31m [0m[1m[33m [0m[1m[32m  [0m[1m[32mcd4b289c5e6ef712[0m[1m[7m[32m6[0m[1m[32mef36a1fa5c6c6d5[0m[1m[32m [0m[1m[32m10.10.10.132[0m[1m[32m Mozilla/5.0 AppleWebKit/537.36 (KHTML, like Gecko; compatible; bingbot/2.0; +http://www.bing.com/bingbot.htm) Chrome/116.0.1938.76 Safari/537.36[0m
[1m[32m         275us[0m[1m[32m  [0m[1m[31m [0m[1m[33m [0m[1m[32m  [0m[1m[32mbbf34c1c4279d18fe4da4f5648f05397[0m[1m[32m 240e:1:1::1234 Mozilla/5.0 (X11; Linux x86_64) AppleWebKit/537.36 (KHTML, like Gecko) HeadlessChrome/117.0.5938.60 Safari/537.36[0m
