Row 0:
  Column timeslice('2015-02-01T05:10:00'): 2015-02-01 05:00:00.000000
