[1m[4m           opid            [0m[1m[4m [0m[1m[4m       earliest        [0m[1m[4m [0m[1m[4m        latest         [0m[1m[4m [0m[1m[4m[7m  errors  [0m[1m[4m [0m[1m[4m[7m warnings [0m[1m[4m [0m[1m[4m[7m  total   [0m[1m[4m [0m[1m[4m               description                [0m[1m[4m [0m
                   7e1280cf 2022-06-02 11:58:12.193 2022-06-02 11:58:12.194 [1m         0[0m [1m         0[0m [1m[7m         3[0m  vim.SessionManager.sessionIsActive        
                    e3979f6 2022-06-02 11:58:12.376 2022-06-02 11:58:12.377 [1m         0[0m [1m         0[0m [1m[7m     [0m[1m    2[0m  vim.SessionManager.sessionIsActive        
[1ml3wrhr4o-cbf-h5:70001034-60[0m[1m [0m[1m2022-06-02 11:58:12.623[0m[1m [0m[1m2022-06-02 11:58:12.623[0m[1m [0m[1m         0[0m[1m [0m[1m         0[0m[1m [0m[1m[7m     [0m[1m    2[0m[1m [0m[1m vim.cdc.ChangeLogCollector.waitForChanges [0m
[1m                    499b440[0m[1m [0m[1m2022-06-02 11:58:12.736[0m[1m [0m[1m2022-06-02 11:58:12.736[0m[1m [0m[1m         0[0m[1m [0m[1m         0[0m[1m [0m[1m[7m     [0m[1m    2[0m[1m [0m[1m vim.SessionManager.sessionIsActive        [0m
                   55a419df 2022-06-02 11:58:12.740 2022-06-02 11:58:12.740 [1m         0[0m [1m         0[0m [1m[7m     [0m[1m    2[0m  vim.SessionManager.sessionIsActive        
  HB-host-363@2022-389ab9b1 2022-06-02 11:58:12.796 2022-06-02 11:58:12.796 [1m         0[0m [1m         0[0m [1m[7m [0m[1m        1[0m <NULL>                                     
[1m  HB-host-493@2000-2922fd96[0m[1m [0m[1m2022-06-02 11:58:12.914[0m[1m [0m[1m2022-06-02 11:58:12.914[0m[1m [0m[1m         0[0m[1m [0m[1m         0[0m[1m [0m[1m[7m [0m[1m        1[0m[1m [0m[1m<NULL>                                    [0m[1m [0m
