selection
995
selection
661
selection
661
selection
994
log_line,log_time,cs_method
925,2019-01-22 00:29:07.000000,GET
927,2019-01-22 00:29:07.000000,GET
928,2019-01-22 00:29:07.000000,GET
929,2019-01-22 00:29:07.000000,GET
930,2019-01-22 00:29:07.000000,GET
931,2019-01-22 00:29:07.000000,GET
937,2019-01-22 00:29:07.000000,GET
939,2019-01-22 00:29:08.000000,GET
940,2019-01-22 00:29:08.000000,GET
941,2019-01-22 00:29:08.000000,GET
942,2019-01-22 00:29:08.000000,GET
943,2019-01-22 00:29:08.000000,GET
944,2019-01-22 00:29:08.000000,GET
945,2019-01-22 00:29:08.000000,GET
946,2019-01-22 00:29:08.000000,GET
947,2019-01-22 00:29:08.000000,GET
952,2019-01-22 00:29:09.000000,GET
953,2019-01-22 00:29:09.000000,GET
954,2019-01-22 00:29:09.000000,GET
955,2019-01-22 00:29:09.000000,GET
956,2019-01-22 00:29:09.000000,GET
957,2019-01-22 00:29:09.000000,GET
958,2019-01-22 00:29:09.000000,GET
959,2019-01-22 00:29:09.000000,GET
960,2019-01-22 00:29:09.000000,GET
967,2019-01-22 00:29:10.000000,GET
968,2019-01-22 00:29:10.000000,GET
969,2019-01-22 00:29:10.000000,GET
