[1m[4mlog_line[0m[1m[4m [0m[1m[4m       log_time        [0m[1m[4m [0m[1m[4mlog_level[0m[1m[4m [0m[1m[4mlog_msg_format[0m[1m[4m [0m[1m[4mlog_msg_values[0m[1m[4m [0m[1m[4mlog_msg_src[0m[1m[4m [0m[1m[4mlog_thread_id[0m[1m[4m [0m[1m[4mlog_stack_trace[0m[1m[4m [0m[1m[4mlog_part[0m[1m[4m [0m[1m[4m[7mlog_idle_msecs[0m[1m[4m [0m[1m[4mlog_mark[0m[1m[4m [0m[1m[4mlog_comment[0m[1m[4m [0m[1m[4mlog_tags[0m[1m[4m [0m[1m[4mlog_annotations[0m[1m[4m [0m[1m[4mlog_filters[0m[1m[4m [0m[1m[4mlog_part:1[0m[1m[4m [0m[1m[4m    log_actual_time    [0m[1m[4m [0m[1m[4m[7mlog_idle_msecs:1[0m[1m[4m [0m[1m[4m[7mlog_mark:1[0m[1m[4m [0m[1m[4mlog_comment:1[0m[1m[4m [0m[1m[4mlog_tags:1[0m[1m[4m [0m[1m[4mlog_annotations:1[0m[1m[4m [0m[1m[4mlog_filters:1[0m[1m[4m [0m[1m[4m            log_opid            [0m[1m[4m [0m[1m[4mlog_user_opid[0m[1m[4m [0m[1m[4mlog_format[0m[1m[4m [0m[1m[4mlog_format_regex[0m[1m[4m [0m[1m[4mlog_time_msecs[0m[1m[4m [0m[1m[4m                     log_path                      [0m[1m[4m [0m[1m[4m  log_unique_path   [0m[1m[4m [0m[1m[4m                                               log_text                                                [0m[1m[4m [0m[1m[4mlog_body[0m[1m[4m [0m[1m[4m                                             log_raw_text                                              [0m[1m[4m [0m[1m[4m           log_line_hash           [0m[1m[4m [0m[1m[4m                     log_line_link                      [0m[1m[4m [0m
       0 2009-07-20 22:59:26.000 info                     null           <NULL>      <NULL>        <NULL>          <NULL>   [1m             0[0m        0 <NULL>      <NULL>   <NULL>          <NULL>      <NULL>     2009-07-20 22:59:26.000 [1m               0[0m [1m         0[0m <NULL>        <NULL>     <NULL>            <NULL>        87ecc75c2bfe711642086a9b8546ab05 <NULL>        access_log std               1248130766000 {test_dir}/logfile_access_log.0 logfile_access_log.0 192.168.202.254 - - [20/Jul/2009:22:59:26 +0000] "GET /vmw/cgi/tramp HTTP/1.0" 200 134 "-" "gPXE/0.9.7"          192.168.202.254 - - [20/Jul/2009:22:59:26 +0000] "GET /vmw/cgi/tramp HTTP/1.0" 200 134 "-" "gPXE/0.9.7" v1:3f7e0f10f2473f83b2b4eacccfc9b4e2 #msg00046f2b16f0cf80-v1:3f7e0f10f2473f83b2b4eacccfc9b4e2 
