{"log_line":0,"log_msg_src":{"file":"{test_dir}/log2src/python/log_example.py","begin_line":19,"end_line":19,"name":"main","language":"Python"},"log_msg_format":"(?s)^debug message: initializing demo \\w$","log_msg_values":[]}
{"log_line":1,"log_msg_src":{"file":"{test_dir}/log2src/python/log_example.py","begin_line":20,"end_line":21,"name":"main","language":"Python"},"log_msg_format":"(?s)^info message:\\nprocessing started -- (.+)$","log_msg_values":[{"expr":"sys.argv[0]","value":"log_example.py"}]}
{"log_line":3,"log_msg_src":{"file":"{test_dir}/log2src/python/log_example.py","begin_line":22,"end_line":22,"name":"main","language":"Python"},"log_msg_format":"(?s)^warning message:\\nlow disk space$","log_msg_values":[]}
{"log_line":5,"log_msg_src":{"file":"{test_dir}/log2src/python/log_example.py","begin_line":23,"end_line":23,"name":"main","language":"Python"},"log_msg_format":"(?s)^error message: failed to open resource$","log_msg_values":[]}
{"log_line":6,"log_msg_src":{"file":"{test_dir}/log2src/python/log_example.py","begin_line":27,"end_line":27,"name":"main","language":"Python"},"log_msg_format":"(?s)^exception message: caught unexpected error$","log_msg_values":[]}
