[
    {
        "top_meta": {
            "time": "2020-12-10 06:56:41.092",
            "file": "{test_dir}/logfile_xml_msg.0",
            "anchor": "#msg0005b616ad91a3a0-v1:e8f1e889e0dbff23577d3881ce1e011f",
            "breadcrumbs": [
                {
                    "display_value": "2020-12-10T06:56:41.092",
                    "search_placeholder": "(Enter an absolute or relative time)",
                    "possibilities": [
                        {
                            "display_value": "-1 day"
                        },
                        {
                            "display_value": "-1h"
                        },
                        {
                            "display_value": "-30m"
                        },
                        {
                            "display_value": "-15m"
                        },
                        {
                            "display_value": "-5m"
                        },
                        {
                            "display_value": "-1m"
                        },
                        {
                            "display_value": "+1m"
                        },
                        {
                            "display_value": "+5m"
                        },
                        {
                            "display_value": "+15m"
                        },
                        {
                            "display_value": "+30m"
                        },
                        {
                            "display_value": "+1h"
                        },
                        {
                            "display_value": "+1 day"
                        }
                    ]
                },
                {
                    "display_value": "java_log",
                    "search_placeholder": "",
                    "possibilities": [
                        {
                            "display_value": "java_log"
                        }
                    ]
                },
                {
                    "display_value": "logfile_xml_msg.0[2]",
                    "search_placeholder": "",
                    "possibilities": [
                        {
                            "display_value": "logfile_xml_msg.0"
                        }
                    ]
                },
                {
                    "display_value": "5cbc54abacadf22cf2c7eede33154d3a",
                    "search_placeholder": "",
                    "possibilities": [
                        {
                            "display_value": "6d46b7893fbe83a05498c9aa83690ca6"
                        },
                        {
                            "display_value": "c2b9f1cfb52410f94406509404a3f4a3"
                        },
                        {
                            "display_value": "d4c291914fddc8ad8354fccc81227778"
                        }
                    ]
                },
                {
                    "display_value": "<a-request>",
                    "search_placeholder": "",
                    "possibilities": [
                        {
                            "display_value": "<a-request>"
                        }
                    ]
                },
                {
                    "display_value": "<head>",
                    "search_placeholder": "",
                    "possibilities": [
                        {
                            "display_value": "<head>"
                        },
                        {
                            "display_value": "<request id=\"1\">"
                        },
                        {
                            "display_value": "<source>"
                        }
                    ]
                },
                {
                    "display_value": "â‹¯",
                    "search_placeholder": "",
                    "possibilities": [

                    ]
                }
            ]
        }
    }
]
