Row 0:
  Column timeslice('2015-08-07 08:00:33', '8 am'): 2015-08-07 08:00:00.000000
