[
    {
        "top_meta": {
            "time": "2013-06-06 12:13:20.123456",
            "file": "stdin",
            "breadcrumbs": [
                {
                    "display_value": "stdin",
                    "search_placeholder": "",
                    "possibilities": [
                        {
                            "display_value": "stdin"
                        }
                    ]
                },
                {
                    "display_value": "2013-06-06T12:13:20.123456",
                    "search_placeholder": "",
                    "possibilities": [

                    ]
                }
            ]
        }
    }
]
