{"content":{"$schema":"https://lnav.org/event-file-open-v1.schema.json","filename":"{test_dir}/logfile_access_log.0"}}
{"content":{"$schema":"https://lnav.org/event-file-format-detected-v1.schema.json","filename":"{test_dir}/logfile_access_log.0","format":"access_log"}}
{"content":{"$schema":"https://lnav.org/event-log-msg-detected-v1.schema.json","watch-name":"http-errors","filename":"{test_dir}/logfile_access_log.0","line-number":1,"format":"access_log","timestamp":"2009-07-20T22:59:29.000000","values":{"body":"","c_ip":"192.168.202.254","cs_method":"GET","cs_referer":null,"cs_uri_query":null,"cs_uri_stem":"/vmw/vSphere/default/vmkboot.gz","cs_user_agent":"gPXE/0.9.7","cs_username":null,"cs_version":"HTTP/1.0","sc_bytes":46210,"sc_status":404,"timestamp":"20/Jul/2009:22:59:29 +0000"}}}
