Row 0:
  Column timeslice('2015-08-07 12:01:00', '1d'): 2015-08-07 00:00:00.000000
