[1m[4mlog_line[0m[1m[4m [0m[1m[4mlog_thread_id[0m[1m[4m [0m
       0             1 
       1             1 
[1m       2[0m[1m [0m[1m            2 [0m
[1m       3[0m[1m [0m[1m            1 [0m
       4             1 
