[31m192.168.202.254[0m[31m - - [[0m[31m20/Jul/2009[0m[31m:22:59:29 +0000[0m[31m] "[0m[31mGET[0m[31m [0m[31m/vmw/vSphere/default/vmkboot.gz[0m[31m [0m[31mHTTP/1.0[0m[31m" [0m[31m404[0m[31m 46210 "-" "[0m[31mgPXE/0.9.7[0m[31m"[0m
